[synccos.com/index.html]
[synccos.com/wp-content/themes/synccos/assets/images/favicon.ico]
[synccos.com/wp-content/themes/synccos/assets/images/favicon-32x32.png]
[backblue.gif]
[fade.gif]
[index.html]
[synccos.com/wp-content/plugins/contact-form-7/includes/css/styles1b46.css]
[synccos.com/feed/index.html]
[synccos.com/wp-content/themes/synccos/style8a54.css]
[synccos.com/comments/feed/index.html]
[synccos.com/wp-content/themes/synccos/assets/css/bootstrap.min.css]
[synccos.com/wp-json/index.html]
[synccos.com/wp-content/themes/synccos/assets/css/icomoon.css]
[synccos.com/wp-content/themes/synccos/assets/css/flip.min.css]
[synccos.com/wp-content/themes/synccos/assets/css/swiper-bundle.min.css]
[synccos.com/wp-content/themes/synccos/assets/css/main.css]
[synccos.com/wp-content/themes/synccos/assets/images/mobile-menu-bg.jpg]
[synccos.com/wp-content/themes/synccos/assets/images/site-logo.svg]
[synccos.com/wp-content/themes/synccos/assets/images/icon-menu-close.svg]
[synccos.com/connexabi/index.html]
[synccos.com/voip/index.html]
[synccos.com/check-writer/index.html]
[synccos.com/pricing/index.html]
[synccos.com/contact/index.html]
[synccos.com/wp-content/themes/synccos/assets/images/Union.svg]
[synccos.com/wp-content/themes/synccos/assets/images/hero-banner-bg.jpg]
[synccos.com/wp-content/themes/synccos/assets/images/banner-left-shining-bar.png]
[synccos.com/wp-content/themes/synccos/assets/images/banner-right-shining-bar.png]
[synccos.com/wp-content/themes/synccos/assets/images/banner-logo.svg]
[synccos.com/wp-content/themes/synccos/assets/images/favicon-style-1.svg]
[synccos.com/wp-content/themes/synccos/assets/images/twilio-logo.png]
[synccos.com/wp-content/themes/synccos/assets/images/sendgrid-logo.png]
[synccos.com/wp-content/themes/synccos/assets/images/stripe-logo.png]
[synccos.com/wp-content/themes/synccos/assets/images/paypal-logo.png]
[synccos.com/wp-content/themes/synccos/assets/images/persona-logo.png]
[synccos.com/wp-content/themes/synccos/assets/images/frame-8.png]
[synccos.com/wp-content/themes/synccos/assets/images/frame-8-mobile.png]
[synccos.com/wp-content/themes/synccos/assets/images/synccos-connectMe-bg.png]
[synccos.com/wp-content/themes/synccos/assets/images/logo-grey.svg]
[synccos.com/wp-content/themes/synccos/assets/images/icon-synccos-connectMe.svg]
[synccos.com/wp-content/themes/synccos/assets/images/call-log-stystem-bg.png]
[synccos.com/wp-content/themes/synccos/assets/images/icon-call-log-stystem.svg]
[synccos.com/wp-content/themes/synccos/assets/images/crm-pipeline-bg.png]
[synccos.com/wp-content/themes/synccos/assets/images/icon-crm-pipeline.svg]
[synccos.com/wp-content/themes/synccos/assets/images/project-management-bg.png]
[synccos.com/wp-content/themes/synccos/assets/images/icon-project-management.svg]
[synccos.com/wp-content/themes/synccos/assets/images/task-management-bg.png]
[synccos.com/wp-content/themes/synccos/assets/images/icon-task-management.svg]
[synccos.com/wp-content/themes/synccos/assets/images/calendar-bg.png]
[synccos.com/wp-content/themes/synccos/assets/images/icon-calendar.svg]
[synccos.com/wp-content/themes/synccos/assets/images/check-writer-bg.png]
[synccos.com/wp-content/themes/synccos/assets/images/icon-check-writer.svg]
[synccos.com/wp-content/themes/synccos/assets/images/synccos-connectMe-v2.png]
[synccos.com/wp-content/themes/synccos/assets/images/icon-shield-check.svg]
[synccos.com/wp-content/themes/synccos/assets/images/counter-logo.png]
[synccos.com/wp-content/themes/synccos/assets/images/connectMe-v4.png]
[synccos.com/wp-content/themes/synccos/assets/images/icon-secure-connections.svg]
[synccos.com/wp-content/themes/synccos/assets/images/icon-relationship-sharing.svg]
[synccos.com/wp-content/themes/synccos/assets/images/icon-customized-privacy.svg]
[synccos.com/wp-content/themes/synccos/assets/images/icon-warm-leads-generation.svg]
[synccos.com/wp-content/themes/synccos/assets/images/icon-messaging.svg]
[synccos.com/wp-content/themes/synccos/assets/images/icon-notifications.svg]
[synccos.com/wp-content/themes/synccos/assets/images/icon-user-friendly-interface.svg]
[synccos.com/wp-content/themes/synccos/assets/images/icon-interactive-data-visualization.svg]
[synccos.com/wp-content/themes/synccos/assets/images/icon-effortless-appointment-setup.svg]
[synccos.com/wp-content/themes/synccos/assets/images/bg-style-1.png]
[synccos.com/wp-content/themes/synccos/assets/images/bg-style-1-mobile.png]
[synccos.com/wp-content/themes/synccos/assets/images/bg-style-2.jpg]
[synccos.com/wp-content/themes/synccos/assets/images/testimonials-bg-frame.png]
[synccos.com/wp-content/themes/synccos/assets/images/jacob_mitchel.jpg]
[synccos.com/wp-content/themes/synccos/assets/images/zara_obi.jpg]
[synccos.com/wp-content/themes/synccos/assets/images/chany_rooney.jpg]
[synccos.com/wp-content/themes/synccos/assets/images/google-play.png]
[synccos.com/wp-content/themes/synccos/assets/images/app-store.png]
[synccos.com/wp-content/themes/synccos/assets/images/footer-bg-logo.svg]
[synccos.com/wp-content/themes/synccos/assets/images/icon-1.svg]
[synccos.com/synccos-terms-of-service/index.html]
[synccos.com/wp-includes/js/dist/hooks.minaf5f.js]
[synccos.com/synccos-privacy-policy/index.html]
[synccos.com/wp-includes/js/dist/i18n.min1cde.js]
[synccos.com/wp-content/plugins/contact-form-7/includes/swv/js/index1b46.js]
[synccos.com/synccos-cookies-policy/index.html]
[synccos.com/wp-content/plugins/contact-form-7/includes/js/index1b46.js]
[synccos.com/wp-content/themes/synccos/js/navigation8a54.js]
[synccos.com/synccos-data-processing/index.html]
[synccos.com/wp-content/themes/synccos/assets/js/plugins.min.js]
[synccos.com/index.html]
[synccos.com/wp-content/plugins/contact-form-7/includes/css/styles1b46.css]
[synccos.com/wp-content/themes/synccos/style8a54.css]
[www.googletagmanager.com/gtm5445.html]
[synccos.com/wp-content/themes/synccos/assets/css/bootstrap.min.css]
[synccos.com/wp-content/themes/synccos/assets/css/icomoon.css]
[synccos.com/wp-content/themes/synccos/assets/css/flip.min.css]
[synccos.com/wp-content/themes/synccos/assets/css/swiper-bundle.min.css]
[synccos.com/wp-content/themes/synccos/assets/js/scripts.min.js]
[synccos.com/wp-content/themes/synccos/assets/fonts/AeonikPro/AeonikPro-Light.eot]
[synccos.com/wp-content/themes/synccos/assets/fonts/AeonikPro/AeonikPro-Lightd41d.eot]
[synccos.com/wp-content/themes/synccos/assets/fonts/AeonikPro/AeonikPro-Light.woff]
[synccos.com/wp-content/themes/synccos/assets/fonts/AeonikPro/AeonikPro-Light.ttf]
[synccos.com/wp-content/themes/synccos/assets/fonts/AeonikPro/AeonikPro-Light.svg]
[synccos.com/wp-content/themes/synccos/assets/fonts/AeonikPro/AeonikPro-LightItalic.eot]
[synccos.com/wp-content/themes/synccos/assets/fonts/AeonikPro/AeonikPro-LightItalicd41d.eot]
[synccos.com/wp-content/themes/synccos/assets/fonts/AeonikPro/AeonikPro-LightItalic.woff]
[synccos.com/wp-content/themes/synccos/assets/fonts/AeonikPro/AeonikPro-LightItalic.ttf]
[synccos.com/wp-content/themes/synccos/assets/fonts/AeonikPro/AeonikPro-LightItalic.svg]
[synccos.com/wp-content/themes/synccos/assets/fonts/AeonikPro/AeonikPro-Regular.eot]
[synccos.com/wp-content/themes/synccos/assets/fonts/AeonikPro/AeonikPro-Regulard41d.eot]
[synccos.com/wp-content/themes/synccos/assets/fonts/AeonikPro/AeonikPro-Regular.woff]
[synccos.com/wp-content/themes/synccos/assets/fonts/AeonikPro/AeonikPro-Regular.ttf]
[synccos.com/wp-content/themes/synccos/assets/fonts/AeonikPro/AeonikPro-Regular.svg]
[synccos.com/wp-content/themes/synccos/assets/fonts/AeonikPro/AeonikPro-RegularItalic.eot]
[synccos.com/wp-content/themes/synccos/assets/fonts/AeonikPro/AeonikPro-RegularItalicd41d.eot]
[synccos.com/wp-content/themes/synccos/assets/fonts/AeonikPro/AeonikPro-RegularItalic.woff]
[synccos.com/wp-content/themes/synccos/assets/fonts/AeonikPro/AeonikPro-RegularItalic.ttf]
[synccos.com/wp-content/themes/synccos/assets/fonts/AeonikPro/AeonikPro-RegularItalic.svg]
[synccos.com/wp-content/themes/synccos/assets/fonts/AeonikPro/AeonikPro-Medium.eot]
[synccos.com/wp-content/themes/synccos/assets/fonts/AeonikPro/AeonikPro-Mediumd41d.eot]
[synccos.com/wp-content/themes/synccos/assets/fonts/AeonikPro/AeonikPro-Medium.woff]
[synccos.com/wp-content/themes/synccos/assets/fonts/AeonikPro/AeonikPro-Medium.ttf]
[synccos.com/wp-content/themes/synccos/assets/fonts/AeonikPro/AeonikPro-Medium.svg]
[synccos.com/wp-content/themes/synccos/assets/fonts/AeonikPro/AeonikPro-Bold.eot]
[synccos.com/wp-content/themes/synccos/assets/fonts/AeonikPro/AeonikPro-Boldd41d.eot]
[synccos.com/wp-content/themes/synccos/assets/fonts/AeonikPro/AeonikPro-Bold.woff]
[synccos.com/wp-content/themes/synccos/assets/fonts/AeonikPro/AeonikPro-Bold.ttf]
[synccos.com/wp-content/themes/synccos/assets/fonts/AeonikPro/AeonikPro-Bold.svg]
[synccos.com/wp-content/themes/synccos/assets/fonts/AeonikPro/AeonikPro-Black.eot]
[synccos.com/wp-content/themes/synccos/assets/fonts/AeonikPro/AeonikPro-Blackd41d.eot]
[synccos.com/wp-content/themes/synccos/assets/fonts/AeonikPro/AeonikPro-Black.woff]
[synccos.com/wp-content/themes/synccos/assets/fonts/AeonikPro/AeonikPro-Black.ttf]
[synccos.com/wp-content/themes/synccos/assets/fonts/AeonikPro/AeonikPro-Black.svg]
[synccos.com/wp-content/themes/synccos/assets/fonts/icomoon/icomoon.eot]
[synccos.com/wp-content/themes/synccos/assets/fonts/icomoon/icomoond41d.eot]
[synccos.com/wp-content/themes/synccos/assets/fonts/icomoon/icomoon.woff]
[synccos.com/wp-content/themes/synccos/assets/fonts/icomoon/icomoon.ttf]
[synccos.com/wp-content/themes/synccos/assets/fonts/icomoon/icomoon.svg]
[synccos.com/wp-content/themes/synccos/assets/images/form-control-bg.png]
[synccos.com/wp-content/themes/synccos/assets/images/select-dropdown-arrow.png]
[synccos.com/wp-content/themes/synccos/assets/images/bg-dots.png]
[synccos.com/wp-content/themes/synccos/assets/images/logo-divider.svg]
[synccos.com/wp-content/themes/synccos/assets/images/box-bg-1.jpg]
[synccos.com/wp-content/themes/synccos/assets/css/main.css]
[synccos.com/wp-content/themes/synccos/assets/images/site-logo.svg]
[synccos.com/wp-content/themes/synccos/assets/images/icon-menu-close.svg]
[synccos.com/wp-content/themes/synccos/assets/images/icon-tick-circle.svg]
[synccos.com/wp-json/oembed/1.0/embed10bd.json]
[synccos.com/wp-json/oembed/1.0/embed21d3]
[synccos.com/wp-json/wp/v2/pages/28.json]
[synccos.com/wp-content/themes/synccos/assets/images/Connexa_BI_logotype_white.png]
[synccos.com/wp-content/themes/synccos/assets/images/banner-connect-me.jpg]
[synccos.com/wp-content/themes/synccos/assets/images/banner-connect-me-mobile.jpg]
[synccos.com/wp-content/themes/synccos/assets/images/twilio-logo-dark.png]
[synccos.com/wp-content/themes/synccos/assets/images/sendgrid-logo-dark.png]
[synccos.com/wp-content/themes/synccos/assets/images/stripe-logo-dark.png]
[synccos.com/wp-content/themes/synccos/assets/images/paypal-logo-dark.png]
[synccos.com/wp-content/themes/synccos/assets/images/persona-logo-dark.png]
[synccos.com/wp-content/themes/synccos/assets/images/iPad-0.png]
[synccos.com/wp-content/themes/synccos/assets/images/ipad-2-shadows.png]
[synccos.com/wp-content/themes/synccos/assets/images/features-bg.png]
[synccos.com/wp-content/themes/synccos/assets/images/features-01.jpg]
[synccos.com/wp-content/themes/synccos/assets/images/features-01-mobile.jpg]
[synccos.com/wp-content/themes/synccos/assets/images/features-02.jpg]
[synccos.com/wp-content/themes/synccos/assets/images/features-02-mobile.jpg]
[synccos.com/wp-content/themes/synccos/assets/images/features-03.jpg]
[synccos.com/wp-content/themes/synccos/assets/images/features-03-mobile.jpg]
[synccos.com/wp-content/themes/synccos/assets/images/features-04.jpg]
[synccos.com/wp-content/themes/synccos/assets/images/features-04-mobile.jpg]
[synccos.com/wp-content/themes/synccos/assets/images/features-05.jpg]
[synccos.com/wp-content/themes/synccos/assets/images/features-05-mobile.jpg]
[synccos.com/wp-content/themes/synccos/assets/images/features-06.jpg]
[synccos.com/wp-content/themes/synccos/assets/images/features-06-mobile.jpg]
[synccos.com/wp-content/themes/synccos/assets/images/banner-bg-1.jpg]
[synccos.com/wp-content/themes/synccos/assets/images/banner-bg-1-mobile.jpg]
[synccos.com/wp-content/themes/synccos/assets/images/synccos-crm-pipeline.jpg]
[synccos.com/wp-content/themes/synccos/assets/images/icon-synccos-calendar-white.svg]
[synccos.com/wp-content/themes/synccos/assets/images/synccos-check-writer.jpg]
[synccos.com/wp-content/themes/synccos/assets/images/icon-synccos-check-writer-white.svg]
[synccos.com/wp-content/themes/synccos/assets/images/synccos-voip.jpg]
[synccos.com/wp-content/themes/synccos/assets/images/icon-synccos-voip-white.svg]
[synccos.com/wp-content/themes/synccos/assets/images/contact-us-bg-pattern.png]
[synccos.com/connexabi/index.html]
[synccos.com/wp-json/oembed/1.0/embedb8e1.json]
[synccos.com/wp-json/oembed/1.0/embed3224]
[synccos.com/wp-json/wp/v2/pages/52.json]
[synccos.com/wp-content/themes/synccos/assets/images/banner-voip.jpg]
[synccos.com/wp-content/themes/synccos/assets/images/void-action-ipad-1.png]
[synccos.com/wp-content/themes/synccos/assets/images/void-action-ipad-2.png]
[synccos.com/wp-content/themes/synccos/assets/images/ipad-shadows-2.png]
[synccos.com/wp-content/themes/synccos/assets/images/about-logo.png]
[synccos.com/wp-content/themes/synccos/assets/images/why-us-bg.jpg]
[synccos.com/wp-content/themes/synccos/assets/images/icon-quality-and-reliablility.svg]
[synccos.com/wp-content/themes/synccos/assets/images/icon-affordability.svg]
[synccos.com/wp-content/themes/synccos/assets/images/icon-global-connectivity.svg]
[synccos.com/wp-content/themes/synccos/assets/images/icon-support.svg]
[synccos.com/wp-content/themes/synccos/assets/images/favicon-logo-1.svg]
[synccos.com/wp-content/themes/synccos/assets/images/icon-activity-tracking.svg]
[synccos.com/wp-content/themes/synccos/assets/images/icon-call-center-management.svg]
[synccos.com/wp-content/themes/synccos/assets/images/icon-call-routing.svg]
[synccos.com/wp-content/themes/synccos/assets/images/icon-chat-messaging.svg]
[synccos.com/wp-content/themes/synccos/assets/images/icon-electronic-faxes.svg]
[synccos.com/wp-content/themes/synccos/assets/images/icon-real-time-reporting.svg]
[synccos.com/wp-content/themes/synccos/assets/images/icon-reporting-and-statistics.svg]
[synccos.com/wp-content/themes/synccos/assets/images/icon-sms-messaging.svg]
[synccos.com/wp-content/themes/synccos/assets/images/icon-trend-analysis.svg]
[synccos.com/wp-content/themes/synccos/assets/images/icon-video-conferencing.svg]
[synccos.com/wp-content/themes/synccos/assets/images/icon-integrations.svg]
[synccos.com/wp-content/themes/synccos/assets/images/bg-style-2.svg]
[synccos.com/voip/index.html]
[synccos.com/wp-content/themes/synccos/assets/images/icon-long-arrow-down.svg]
[synccos.com/wp-json/oembed/1.0/embedea11.json]
[synccos.com/wp-json/oembed/1.0/embed70c8]
[synccos.com/wp-json/wp/v2/pages/25.json]
[synccos.com/wp-content/themes/synccos/assets/images/banner-check-writer.jpg]
[synccos.com/wp-content/themes/synccos/assets/images/icon-star-1.svg]
[synccos.com/wp-content/themes/synccos/assets/images/icon-stars.svg]
[synccos.com/wp-content/themes/synccos/assets/images/icon-time-savings.svg]
[synccos.com/wp-content/themes/synccos/assets/images/icon-security.svg]
[synccos.com/wp-content/themes/synccos/assets/images/icon-customization-options.svg]
[synccos.com/wp-content/themes/synccos/assets/images/icon-tracking.svg]
[synccos.com/wp-content/themes/synccos/assets/images/icon-stripe-payment-integration.svg]
[synccos.com/wp-content/themes/synccos/assets/images/iPad.png]
[synccos.com/wp-content/themes/synccos/assets/images/howitwork-floating-shape-1.png]
[synccos.com/wp-content/themes/synccos/assets/images/how-it-works-frame.png]
[synccos.com/wp-content/themes/synccos/assets/images/how-it-works-swiper-active-bg.png]
[synccos.com/wp-content/themes/synccos/assets/images/icon-user-plus.svg]
[synccos.com/wp-content/themes/synccos/assets/images/create_an_account_frame.png]
[synccos.com/wp-content/themes/synccos/assets/images/icon-add-details.svg]
[synccos.com/wp-content/themes/synccos/assets/images/add_your_details_frame.png]
[synccos.com/wp-content/themes/synccos/assets/images/icon-write-checks.svg]
[synccos.com/wp-content/themes/synccos/assets/images/write_checks_frame.png]
[synccos.com/wp-content/themes/synccos/assets/images/icon-download.svg]
[synccos.com/wp-content/themes/synccos/assets/images/print_or_send_digitally_frame.png]
[synccos.com/wp-content/themes/synccos/assets/images/icon-payment-with-stripe.svg]
[synccos.com/wp-content/themes/synccos/assets/images/collect_payment_with_stripe_frame.png]
[synccos.com/check-writer/index.html]
[synccos.com/wp-json/oembed/1.0/embed3919.json]
[synccos.com/wp-json/oembed/1.0/embedc237]
[synccos.com/wp-json/wp/v2/pages/22.json]
[synccos.com/wp-content/themes/synccos/assets/images/pricing-banner-bg.jpg]
[synccos.com/pricing/index.html]
[synccos.com/wp-json/oembed/1.0/embedf54e.json]
[synccos.com/wp-json/oembed/1.0/embed9332]
[synccos.com/wp-json/wp/v2/pages/8.json]
[synccos.com/wp-content/themes/synccos/assets/images/contact-banner-bg.jpg]
[synccos.com/wp-content/themes/synccos/assets/images/email.png]
[synccos.com/contact/index.html]
[synccos.com/wp-content/themes/synccos/assets/images/Union.svg]
[synccos.com/wp-content/themes/synccos/assets/images/banner-logo.svg]
[synccos.com/wp-content/themes/synccos/assets/images/favicon-style-1.svg]
[synccos.com/wp-content/themes/synccos/assets/images/logo-grey.svg]
[synccos.com/wp-content/themes/synccos/assets/images/icon-synccos-connectMe.svg]
[synccos.com/wp-content/themes/synccos/assets/images/icon-call-log-stystem.svg]
[synccos.com/wp-content/themes/synccos/assets/images/icon-crm-pipeline.svg]
[synccos.com/wp-content/themes/synccos/assets/images/icon-project-management.svg]
[synccos.com/wp-content/themes/synccos/assets/images/icon-task-management.svg]
[synccos.com/wp-content/themes/synccos/assets/images/icon-calendar.svg]
[synccos.com/wp-content/themes/synccos/assets/images/icon-check-writer.svg]
[synccos.com/wp-content/themes/synccos/assets/images/icon-shield-check.svg]
[synccos.com/wp-content/themes/synccos/assets/images/icon-secure-connections.svg]
[synccos.com/wp-content/themes/synccos/assets/images/icon-relationship-sharing.svg]
[synccos.com/wp-content/themes/synccos/assets/images/icon-customized-privacy.svg]
[synccos.com/wp-content/themes/synccos/assets/images/icon-warm-leads-generation.svg]
[synccos.com/wp-content/themes/synccos/assets/images/icon-messaging.svg]
[synccos.com/wp-content/themes/synccos/assets/images/icon-notifications.svg]
[synccos.com/wp-content/themes/synccos/assets/images/icon-user-friendly-interface.svg]
[synccos.com/wp-content/themes/synccos/assets/images/icon-interactive-data-visualization.svg]
[synccos.com/wp-content/themes/synccos/assets/images/icon-effortless-appointment-setup.svg]
[synccos.com/wp-content/themes/synccos/assets/images/footer-bg-logo.svg]
[synccos.com/wp-json/oembed/1.0/embed1734.json]
[synccos.com/wp-json/oembed/1.0/embedb270]
[synccos.com/synccos-terms-of-service/index.html]
[synccos.com/wp-json/wp/v2/pages/19.json]
[synccos.com/wp-json/oembed/1.0/embed59dc.json]
[synccos.com/wp-json/oembed/1.0/embed931f]
[synccos.com/synccos-privacy-policy/index.html]
[synccos.com/wp-json/wp/v2/pages/17.json]
[synccos.com/wp-json/oembed/1.0/embed9871.json]
[synccos.com/wp-json/oembed/1.0/embed8d29]
[synccos.com/synccos-cookies-policy/index.html]
[synccos.com/wp-json/wp/v2/pages/13.json]
[synccos.com/wp-json/oembed/1.0/embedf44a.json]
[synccos.com/wp-json/oembed/1.0/embed9b0f]
[synccos.com/synccos-data-processing/index.html]
[synccos.com/wp-content/themes/synccos/assets/images/icon-1.svg]
[synccos.com/wp-content/themes/synccos/js/navigation8a54.html]
[synccos.com/wp-json/wp/v2/pages/15.json]
[synccos.com/wp-content/themes/synccos/assets/fonts/AeonikPro/AeonikPro-Light.svg]
[synccos.com/wp-content/themes/synccos/assets/fonts/AeonikPro/AeonikPro-LightItalic.svg]
[synccos.com/wp-content/themes/synccos/assets/fonts/AeonikPro/AeonikPro-Regular.svg]
[synccos.com/wp-content/themes/synccos/assets/fonts/AeonikPro/AeonikPro-RegularItalic.svg]
[synccos.com/wp-content/themes/synccos/assets/fonts/AeonikPro/AeonikPro-Medium.svg]
[synccos.com/wp-content/themes/synccos/assets/fonts/AeonikPro/AeonikPro-Bold.svg]
[synccos.com/wp-content/themes/synccos/assets/fonts/AeonikPro/AeonikPro-Black.svg]
[synccos.com/wp-content/themes/synccos/assets/fonts/icomoon/icomoon.svg]
[synccos.com/wp-content/themes/synccos/assets/images/logo-divider.svg]
[synccos.com/wp-content/themes/synccos/assets/images/icon-tick-circle.svg]
[synccos.com/index3c55.html]
[synccos.com/wp-content/themes/synccos/assets/images/icon-synccos-calendar-white.svg]
[synccos.com/wp-content/themes/synccos/assets/images/icon-synccos-check-writer-white.svg]
[synccos.com/wp-content/themes/synccos/assets/images/icon-synccos-voip-white.svg]
[synccos.com/index4579.html]
[synccos.com/wp-content/themes/synccos/assets/images/icon-quality-and-reliablility.svg]
[synccos.com/wp-content/themes/synccos/assets/images/icon-affordability.svg]
[synccos.com/wp-content/themes/synccos/assets/images/icon-global-connectivity.svg]
[synccos.com/wp-content/themes/synccos/assets/images/icon-support.svg]
[synccos.com/wp-content/themes/synccos/assets/images/favicon-logo-1.svg]
[synccos.com/wp-content/themes/synccos/assets/images/icon-activity-tracking.svg]
[synccos.com/wp-content/themes/synccos/assets/images/icon-call-center-management.svg]
[synccos.com/wp-content/themes/synccos/assets/images/icon-call-routing.svg]
[synccos.com/wp-content/themes/synccos/assets/images/icon-chat-messaging.svg]
[synccos.com/wp-content/themes/synccos/assets/images/icon-electronic-faxes.svg]
[synccos.com/wp-content/themes/synccos/assets/images/icon-real-time-reporting.svg]
[synccos.com/wp-content/themes/synccos/assets/images/icon-reporting-and-statistics.svg]
[synccos.com/wp-content/themes/synccos/assets/images/icon-sms-messaging.svg]
[synccos.com/wp-content/themes/synccos/assets/images/icon-trend-analysis.svg]
[synccos.com/wp-content/themes/synccos/assets/images/icon-video-conferencing.svg]
[synccos.com/wp-content/themes/synccos/assets/images/icon-integrations.svg]
[synccos.com/wp-content/themes/synccos/assets/images/bg-style-2.svg]
[synccos.com/wp-content/themes/synccos/assets/images/icon-long-arrow-down.svg]
[synccos.com/index970c.html]
[synccos.com/wp-content/themes/synccos/assets/images/icon-star-1.svg]
[synccos.com/wp-content/themes/synccos/assets/images/icon-stars.svg]
[synccos.com/wp-content/themes/synccos/assets/images/icon-time-savings.svg]
[synccos.com/wp-content/themes/synccos/assets/images/icon-security.svg]
[synccos.com/wp-content/themes/synccos/assets/images/icon-customization-options.svg]
[synccos.com/wp-content/themes/synccos/assets/images/icon-tracking.svg]
[synccos.com/wp-content/themes/synccos/assets/images/icon-stripe-payment-integration.svg]
[synccos.com/wp-content/themes/synccos/assets/images/icon-user-plus.svg]
[synccos.com/wp-content/themes/synccos/assets/images/icon-add-details.svg]
[synccos.com/wp-content/themes/synccos/assets/images/icon-write-checks.svg]
[synccos.com/wp-content/themes/synccos/assets/images/icon-download.svg]
[synccos.com/wp-content/themes/synccos/assets/images/icon-payment-with-stripe.svg]
[synccos.com/index0345.html]
[synccos.com/index2df4.html]
[synccos.com/index5831.html]
[synccos.com/indexd8eb.html]
[synccos.com/index2dc4.html]
[synccos.com/indexa1ca.html]
[synccos.com/xmlrpc0db0.php]
